
Discarded input sections

 .rdata$.refptr.g_ctx
                0x0000000000000000       0x10 build/sleep.o
 .rdata$.refptr.g_ctx
                0x0000000000000000       0x10 build/syscall_wrappers.o
 .rdata$.refptr.g_syscall_table
                0x0000000000000000       0x10 build/evasion_evasion_core.o
 .rdata$.refptr.g_syscall_table
                0x0000000000000000       0x10 build/evasion_hooks.o
 .rdata$.refptr.g_ctx
                0x0000000000000000       0x10 build/evasion_memguard.o

Memory Configuration

Name             Origin             Length             Attributes
*default*        0x0000000000000000 0xffffffffffffffff

Linker script and memory map

                0x0000000000000000                __image_base__ = 0x0
                0x0000000000000000                __dll__ = 0x0
                0x0000000000000000                __ImageBase = 0x0
                0x0000000000001000                __section_alignment__ = 0x1000
                0x0000000000000200                __file_alignment__ = 0x200
                0x0000000000000004                __major_os_version__ = 0x4
                0x0000000000000000                __minor_os_version__ = 0x0
                0x0000000000000000                __major_image_version__ = 0x0
                0x0000000000000000                __minor_image_version__ = 0x0
                0x0000000000000005                __major_subsystem_version__ = 0x5
                0x0000000000000002                __minor_subsystem_version__ = 0x2
                0x0000000000000003                __subsystem__ = 0x3
                0x0000000000200000                __size_of_stack_reserve__ = 0x200000
                0x0000000000001000                __size_of_stack_commit__ = 0x1000
                0x0000000000100000                __size_of_heap_reserve__ = 0x100000
                0x0000000000001000                __size_of_heap_commit__ = 0x1000
                0x0000000000000000                __loader_flags__ = 0x0
                0x0000000000000160                __dll_characteristics__ = 0x160
                0x0000000000000000                . = 0x0

.text           0x0000000000000000    0x3c600
 *(.text.entry)
 .text.entry    0x0000000000000000      0x170 build/entry.o
                0x0000000000000000                implant_entry
 *(.text*)
 .text          0x0000000000000170     0x23d0 build/comms.o
                0x000000000000022f                comms_tcp_connect
                0x0000000000000369                comms_tcp_send
                0x00000000000003cc                comms_tcp_recv
                0x000000000000041c                comms_tcp_close
                0x000000000000045b                comms_tls_init
                0x000000000000050f                comms_tls_handshake
                0x00000000000008ea                comms_tls_send
                0x0000000000000a83                comms_tls_recv
                0x0000000000000c34                comms_tls_close
                0x0000000000000daa                comms_http_build_request
                0x00000000000010eb                comms_http_parse_response
                0x000000000000132f                comms_checkin
                0x00000000000018cd                comms_get_profile_ptr
                0x00000000000018dd                comms_set_profile
                0x00000000000018fa                comms_rotate_channel
                0x0000000000001a5c                comms_get_backoff_delay
                0x0000000000001a73                comms_health_check
                0x0000000000001b84                comms_failover
                0x0000000000001e4e                comms_retry_failed
                0x0000000000002065                comms_init
 .text          0x0000000000002540      0x480 build/config.o
                0x0000000000002561                cfg_init
                0x00000000000026e3                cfg_get
                0x00000000000026f0                cfg_update
                0x00000000000027f2                cfg_encrypt
                0x00000000000028d4                cfg_decrypt
                0x0000000000002985                cfg_check_killdate
 .text          0x00000000000029c0     0x2060 build/crypto.o
                0x0000000000002c32                spec_chacha20_block
                0x0000000000002e89                spec_chacha20_encrypt
                0x0000000000002f8c                spec_poly1305_auth
                0x0000000000003495                spec_aead_encrypt
                0x000000000000362b                spec_aead_decrypt
                0x000000000000381d                spec_sha256_init
                0x0000000000003860                spec_sha256_update
                0x00000000000038bc                spec_sha256_final
                0x0000000000003977                spec_sha256
                0x00000000000039b6                spec_hmac_sha256
                0x0000000000003b04                spec_hkdf_extract
                0x0000000000003b6f                spec_hkdf_expand
                0x0000000000003d0b                spec_hkdf_derive
                0x0000000000003d60                fe_0
                0x0000000000003d76                fe_1
                0x0000000000003d90                fe_copy
                0x0000000000003db7                fe_frombytes
                0x0000000000003e3d                fe_tobytes
                0x000000000000405c                fe_add
                0x0000000000004099                fe_sub
                0x00000000000040f3                fe_mul
                0x000000000000438f                fe_sq
                0x0000000000004397                fe_invert
                0x0000000000004581                spec_x25519_scalarmult
                0x000000000000498f                spec_x25519_generate_keypair
                0x00000000000049f5                spec_decrypt_string
 .text          0x0000000000004a20     0x1020 build/crypto_sign.o
                0x00000000000054de                spec_sha512_init
                0x000000000000555c                spec_sha512_update
                0x0000000000005611                spec_sha512_final
                0x0000000000005712                spec_sha512
                0x0000000000005751                spec_ed25519_verify
 .text          0x0000000000005a40        0x0 build/entry.o
 .text          0x0000000000005a40        0x0 build/globals.o
 .text          0x0000000000005a40       0x50 build/hash.o
                0x0000000000005a40                spec_djb2_hash
                0x0000000000005a64                spec_djb2_hash_w
 .text          0x0000000000005a90      0x200 build/peb.o
                0x0000000000005a90                get_peb
                0x0000000000005a9a                find_module_by_hash
                0x0000000000005afa                find_export_by_hash
                0x0000000000005c62                resolve_function
 .text          0x0000000000005c90      0xee0 build/profile.o
                0x00000000000063cf                profile_init
                0x0000000000006745                profile_get_uri
                0x00000000000067d0                profile_get_method
                0x00000000000067f2                profile_build_headers
                0x00000000000068c6                profile_embed_data
                0x00000000000069cd                profile_extract_data
 .text          0x0000000000006b70     0x1850 build/sleep.o
                0x0000000000006c5a                sleep_calc_jitter
                0x0000000000006cb9                sleep_calc_profile_jitter
                0x0000000000006ea2                sleep_track_alloc
                0x0000000000006f00                sleep_untrack_alloc
                0x0000000000006f3b                sleep_encrypt_heap
                0x0000000000006fa1                sleep_decrypt_heap
                0x0000000000006fa3                sleep_ekko
                0x0000000000007657                sleep_wfs
                0x0000000000007695                sleep_delay
                0x00000000000076b8                sleep_foliage
                0x0000000000007cd1                sleep_threadpool
                0x0000000000007ff2                sleep_init
                0x0000000000008273                sleep_cycle
 .text          0x00000000000083c0      0x1e0 build/string.o
                0x00000000000083c0                spec_strlen
                0x00000000000083ce                spec_wcslen
                0x00000000000083dd                spec_strcmp
                0x00000000000083fa                spec_wcsicmp
                0x0000000000008445                spec_memcpy
                0x000000000000845e                spec_memmove
                0x000000000000849a                spec_memset
                0x00000000000084ad                spec_memcmp
                0x00000000000084d4                spec_strcpy
                0x00000000000084ea                spec_strncpy
                0x000000000000851d                spec_strcat
                0x0000000000008542                spec_strncat
 .text          0x00000000000085a0      0x460 build/syscall_wrappers.o
                0x00000000000085a0                spec_NtAllocateVirtualMemory
                0x00000000000085e5                spec_NtProtectVirtualMemory
                0x0000000000008620                spec_NtFreeVirtualMemory
                0x0000000000008651                spec_NtWriteVirtualMemory
                0x000000000000868c                spec_NtReadVirtualMemory
                0x00000000000086c7                spec_NtCreateThreadEx
                0x0000000000008753                spec_NtOpenProcess
                0x0000000000008784                spec_NtClose
                0x000000000000879c                spec_NtMapViewOfSection
                0x000000000000881b                spec_NtUnmapViewOfSection
                0x0000000000008836                spec_NtOpenSection
                0x0000000000008862                spec_NtCreateFile
                0x00000000000088ee                spec_NtQueryInformationProcess
                0x0000000000008929                spec_NtDelayExecution
                0x0000000000008944                spec_NtWaitForSingleObject
                0x0000000000008970                spec_NtQueueApcThread
                0x00000000000089ab                spec_NtSetInformationThread
                0x00000000000089dc                spec_NtTestAlert
 .text          0x0000000000008a00      0x340 build/syscalls.o
                0x0000000000008a00                sc_find_gadget
                0x0000000000008a98                sc_resolve_ssn
                0x0000000000008b27                sc_get_entry
                0x0000000000008b54                sc_init
 .text          0x0000000000008d40      0xaa0 build/transform.o
                0x0000000000008d92                lz4_compress
                0x0000000000009053                lz4_decompress
                0x00000000000091a4                transform_send
                0x00000000000094de                transform_recv
 .text          0x00000000000097e0      0xb50 build/evasion_antianalysis.o
                0x0000000000009bd8                antianalysis_check_vm
                0x0000000000009db7                antianalysis_check_sandbox
                0x0000000000009f9d                antianalysis_check_debugger
                0x000000000000a10a                antianalysis_check
                0x000000000000a262                antianalysis_respond
                0x000000000000a2fc                antianalysis_default_config
 .text          0x000000000000a330      0x290 build/evasion_etw.o
                0x000000000000a42a                evasion_check_etw_patches
                0x000000000000a46c                evasion_patch_etw
                0x000000000000a4fb                evasion_patch_amsi
 .text          0x000000000000a5c0      0x2a0 build/evasion_evasion_core.o
                0x000000000000a5c0                evasion_init
                0x000000000000a625                evasion_syscall
 .text          0x000000000000a860      0x390 build/evasion_hooks.o
                0x000000000000a860                evasion_compute_crc
                0x000000000000a8a6                evasion_init_crc_table
                0x000000000000a97f                evasion_refresh_ntdll
                0x000000000000ab50                evasion_check_hooks
 .text          0x000000000000abf0      0x540 build/evasion_memguard.o
                0x000000000000abf0                memguard_init
                0x000000000000acd9                memguard_encrypt
                0x000000000000aed8                memguard_decrypt
                0x000000000000b0a1                memguard_setup_return_spoof
 .text          0x000000000000b130      0x480 build/evasion_stackspoof.o
                0x000000000000b18b                evasion_init_frames
                0x000000000000b390                evasion_select_frames
                0x000000000000b4a1                evasion_build_spoofed_stack
                0x000000000000b558                evasion_restore_stack
 .text          0x000000000000b5b0      0x830 build/bus_beacon_shim.o
                0x000000000000b674                BeaconOutput
                0x000000000000b6a9                BeaconDataParse
                0x000000000000b6be                BeaconDataInt
                0x000000000000b6e5                BeaconDataShort
                0x000000000000b70d                BeaconDataLength
                0x000000000000b718                BeaconDataExtract
                0x000000000000b77d                BeaconFormatReset
                0x000000000000b794                BeaconFormatToString
                0x000000000000b7b8                BeaconUseToken
                0x000000000000b7ca                BeaconRevertToken
                0x000000000000b7dd                BeaconIsAdmin
                0x000000000000b81e                SPECTER_MemAlloc
                0x000000000000b837                SPECTER_Resolve
                0x000000000000b856                SPECTER_NetConnect
                0x000000000000b875                SPECTER_ProcOpen
                0x000000000000b889                SPECTER_FileRead
                0x000000000000b8b6                BeaconFormatAlloc
                0x000000000000b92d                BeaconFormatAppend
                0x000000000000b980                BeaconGetSpawnTo
                0x000000000000b9b6                BeaconFormatFree
                0x000000000000b9ee                toWideChar
                0x000000000000ba32                BeaconFormatInt
                0x000000000000bc9c                BeaconPrintf
                0x000000000000bd34                BeaconFormatPrintf
                0x000000000000bdc4                beacon_shim_init
                0x000000000000bdcc                beacon_shim_get_table
 .text          0x000000000000bde0      0x9b0 build/bus_bus_api.o
                0x000000000000c2f1                output_reset
                0x000000000000c2fc                output_available
                0x000000000000c30a                output_write
                0x000000000000c3df                output_drain
                0x000000000000c58e                bus_init
                0x000000000000c76f                bus_get_api
 .text          0x000000000000c790      0x590 build/bus_clr.o
                0x000000000000c790                clr_execute_assembly
 .text          0x000000000000cd20      0x5d0 build/bus_guardian.o
                0x000000000000cf56                guardian_init
                0x000000000000cfe6                guardian_create
                0x000000000000d13e                guardian_wait
                0x000000000000d1e7                guardian_kill
                0x000000000000d269                guardian_shutdown
 .text          0x000000000000d2f0      0x170 build/bus_inline_asm.o
                0x000000000000d310                exec_shellcode
 .text          0x000000000000d460      0x640 build/bus_lifecycle.o
                0x000000000000d460                modmgr_init
                0x000000000000d4cb                modmgr_execute
                0x000000000000d78e                modmgr_cleanup
                0x000000000000d8ee                modmgr_poll
                0x000000000000da3d                modmgr_shutdown
 .text          0x000000000000daa0      0xa30 build/bus_loader.o
                0x000000000000dafa                loader_parse_header
                0x000000000000db3d                loader_verify_package
                0x000000000000db7d                loader_decrypt_package
                0x000000000000dced                loader_load_pic
                0x000000000000dd9a                loader_load_coff
 .text          0x000000000000e4d0     0x1140 build/comms_azure_deadrop.o
                0x000000000000e58f                azure_build_blob_url
                0x000000000000e654                azure_build_list_url
                0x000000000000e72d                azure_format_seq_blob
                0x000000000000e74a                azure_parse_seq_from_name
                0x000000000000e7a8                azure_put_blob
                0x000000000000ea95                azure_get_blob
                0x000000000000ed46                azure_delete_blob
                0x000000000000ef9b                azure_list_blobs
                0x000000000000f2c0                azure_connect
                0x000000000000f448                azure_send
                0x000000000000f4cd                azure_recv
                0x000000000000f577                azure_disconnect
                0x000000000000f5be                azure_health_check
 .text          0x000000000000f610     0x1590 build/comms_dns.o
                0x000000000000fa32                dns_base32_encode
                0x000000000000fbe9                dns_base32_decode
                0x000000000000fdc6                dns_generate_txid
                0x000000000000fdf8                dns_build_query
                0x000000000000ff02                dns_encode_subdomain
                0x0000000000010180                dns_parse_response
                0x0000000000010322                dns_connect
                0x0000000000010812                dns_send
                0x00000000000108cc                dns_recv
                0x0000000000010a43                dns_disconnect
                0x0000000000010aaa                dns_health_check
 .text          0x0000000000010ba0     0x10b0 build/comms_smb.o
                0x0000000000010cf1                smb_build_pipe_path
                0x0000000000010ded                smb_build_message
                0x0000000000010ee5                smb_parse_message
                0x0000000000010fa3                smb_connect
                0x00000000000111c1                smb_send
                0x000000000001123d                smb_recv
                0x0000000000011360                smb_disconnect
                0x000000000001144d                smb_health_check
                0x00000000000114e4                smb_listen
                0x00000000000116f2                smb_accept
                0x0000000000011841                smb_send_to_peer
                0x0000000000011986                smb_recv_from_peer
                0x0000000000011b38                smb_disconnect_peer
 .text          0x0000000000011c50     0x11b0 build/comms_websocket.o
                0x0000000000011e9f                ws_sha1_init
                0x0000000000011ede                ws_sha1_update
                0x0000000000011f2d                ws_sha1_final
                0x0000000000011fd1                ws_base64_encode
                0x00000000000120fd                ws_base64_decode
                0x00000000000121e4                ws_generate_key
                0x000000000001229d                ws_apply_mask
                0x00000000000123c3                ws_build_frame
                0x00000000000123f6                ws_parse_frame
                0x00000000000124d7                ws_build_upgrade_request
                0x000000000001263d                ws_validate_upgrade_response
                0x0000000000012757                ws_connect
                0x0000000000012950                ws_send
                0x0000000000012aab                ws_recv
                0x0000000000012c77                ws_disconnect
                0x0000000000012d15                ws_health_check
 .text          0x0000000000012e00       0x80 build/syscall_stub.o
                0x0000000000012e00                spec_syscall
 *(.rdata*)
 .rdata         0x0000000000012e80       0xe0 build/comms.o
 .rdata         0x0000000000012f60       0x10 build/config.o
 .rdata$.refptr.implant_entry
                0x0000000000012f70       0x10 build/config.o
                0x0000000000012f70                .refptr.implant_entry
 .rdata         0x0000000000012f80      0x120 build/crypto.o
 .rdata         0x00000000000130a0      0x300 build/crypto_sign.o
 .rdata$.refptr.g_syscall_table
                0x00000000000133a0       0x10 build/entry.o
                0x00000000000133a0                .refptr.g_syscall_table
 .rdata$.refptr.g_ctx
                0x00000000000133b0       0x10 build/entry.o
                0x00000000000133b0                .refptr.g_ctx
 .rdata         0x00000000000133c0      0x180 build/profile.o
 .rdata         0x0000000000013540       0x10 build/sleep.o
 .rdata$.refptr.spec_NtDelayExecution
                0x0000000000013550       0x10 build/sleep.o
                0x0000000000013550                .refptr.spec_NtDelayExecution
 .rdata$.refptr.spec_NtProtectVirtualMemory
                0x0000000000013560       0x10 build/sleep.o
                0x0000000000013560                .refptr.spec_NtProtectVirtualMemory
 *fill*         0x0000000000013570       0x10 
 .rdata         0x0000000000013580       0x60 build/syscalls.o
 .rdata         0x00000000000135e0       0x80 build/transform.o
 .rdata         0x0000000000013660      0x100 build/evasion_antianalysis.o
 .rdata         0x0000000000013760       0x10 build/evasion_etw.o
 .rdata         0x0000000000013770       0x10 build/evasion_memguard.o
 .rdata         0x0000000000013780       0x20 build/evasion_stackspoof.o
 .rdata         0x00000000000137a0      0x1e0 build/bus_beacon_shim.o
 .rdata         0x0000000000013980       0x40 build/bus_bus_api.o
 .rdata         0x00000000000139c0      0x320 build/bus_clr.o
 .rdata         0x0000000000013ce0       0x20 build/bus_guardian.o
 .rdata         0x0000000000013d00       0x80 build/bus_inline_asm.o
 .rdata         0x0000000000013d80       0x50 build/bus_loader.o
 .rdata         0x0000000000013dd0       0xf0 build/comms_azure_deadrop.o
 .rdata         0x0000000000013ec0       0xc0 build/comms_dns.o
 .rdata         0x0000000000013f80       0x20 build/comms_smb.o
 .rdata         0x0000000000013fa0      0x140 build/comms_websocket.o
 *(.data*)
 .data          0x00000000000140e0        0x0 build/comms.o
 .data          0x00000000000140e0        0x0 build/config.o
 .data          0x00000000000140e0        0x0 build/crypto.o
 .data          0x00000000000140e0        0x0 build/crypto_sign.o
 .data          0x00000000000140e0        0x0 build/entry.o
 .data          0x00000000000140e0        0x0 build/globals.o
 .data          0x00000000000140e0        0x0 build/hash.o
 .data          0x00000000000140e0        0x0 build/peb.o
 .data          0x00000000000140e0       0x10 build/profile.o
 .data          0x00000000000140f0       0x10 build/sleep.o
 .data          0x0000000000014100        0x0 build/string.o
 .data          0x0000000000014100        0x0 build/syscall_wrappers.o
 .data          0x0000000000014100       0x40 build/syscalls.o
 .data          0x0000000000014140        0x0 build/transform.o
 .data          0x0000000000014140        0x0 build/evasion_antianalysis.o
 .data          0x0000000000014140        0x0 build/evasion_etw.o
 .data          0x0000000000014140        0x0 build/evasion_evasion_core.o
 .data          0x0000000000014140       0x40 build/evasion_hooks.o
 .data          0x0000000000014180        0x0 build/evasion_memguard.o
 .data          0x0000000000014180        0x0 build/evasion_stackspoof.o
 .data          0x0000000000014180      0x200 build/bus_beacon_shim.o
 .data          0x0000000000014380        0x0 build/bus_bus_api.o
 .data          0x0000000000014380        0x0 build/bus_clr.o
 .data          0x0000000000014380        0x0 build/bus_guardian.o
 .data          0x0000000000014380        0x0 build/bus_inline_asm.o
 .data          0x0000000000014380        0x0 build/bus_lifecycle.o
 .data          0x0000000000014380        0x0 build/bus_loader.o
 .data          0x0000000000014380        0x0 build/comms_azure_deadrop.o
 .data          0x0000000000014380        0x0 build/comms_dns.o
 .data          0x0000000000014380        0x0 build/comms_smb.o
 .data          0x0000000000014380        0x0 build/comms_websocket.o
 .data          0x0000000000014380        0x0 build/syscall_stub.o
 *(.bss*)
 .bss           0x0000000000014380     0x31a0 build/comms.o
 .bss           0x0000000000017520     0x1a60 build/config.o
 .bss           0x0000000000018f80        0x0 build/crypto.o
 .bss           0x0000000000018f80        0x0 build/crypto_sign.o
 .bss           0x0000000000018f80        0x0 build/entry.o
 .bss           0x0000000000018f80       0x40 build/globals.o
                0x0000000000018f80                g_ctx
 .bss           0x0000000000018fc0        0x0 build/hash.o
 .bss           0x0000000000018fc0        0x0 build/peb.o
 .bss           0x0000000000018fc0        0x0 build/profile.o
 .bss           0x0000000000018fc0      0x700 build/sleep.o
 .bss           0x00000000000196c0        0x0 build/string.o
 .bss           0x00000000000196c0        0x0 build/syscall_wrappers.o
 .bss           0x00000000000196c0      0x4c0 build/syscalls.o
                0x00000000000196c0                g_syscall_table
 .bss           0x0000000000019b80       0x10 build/transform.o
 .bss           0x0000000000019b90        0x0 build/evasion_antianalysis.o
 .bss           0x0000000000019b90        0x0 build/evasion_etw.o
 *fill*         0x0000000000019b90       0x10 
 .bss           0x0000000000019ba0     0x2500 build/evasion_evasion_core.o
 .bss           0x000000000001c0a0        0x0 build/evasion_hooks.o
 .bss           0x000000000001c0a0        0x0 build/evasion_memguard.o
 .bss           0x000000000001c0a0        0x0 build/evasion_stackspoof.o
 .bss           0x000000000001c0a0       0x10 build/bus_beacon_shim.o
 *fill*         0x000000000001c0b0       0x10 
 .bss           0x000000000001c0c0     0x1140 build/bus_bus_api.o
 .bss           0x000000000001d200       0x40 build/bus_clr.o
 .bss           0x000000000001d240      0x1a0 build/bus_guardian.o
 .bss           0x000000000001d3e0       0x20 build/bus_inline_asm.o
 .bss           0x000000000001d400     0x8b00 build/bus_lifecycle.o
 .bss           0x0000000000025f00      0x400 build/bus_loader.o
 .bss           0x0000000000026300     0x6300 build/comms_azure_deadrop.o
 .bss           0x000000000002c600     0x6540 build/comms_dns.o
 .bss           0x0000000000032b40     0x3460 build/comms_smb.o
 .bss           0x0000000000035fa0     0x6620 build/comms_websocket.o
 .bss           0x000000000003c5c0        0x0 build/syscall_stub.o

/DISCARD/
 *(.reloc)
 *(.rsrc)
 *(.pdata)
 *(.xdata)
 *(.debug*)
 *(.comment)
 *(.note*)
 *(.eh_frame*)
 *(.gcc_except_table*)
 *(.ctors)
 *(.dtors)
 *(.CRT*)
LOAD build/comms.o
LOAD build/config.o
LOAD build/crypto.o
LOAD build/crypto_sign.o
LOAD build/entry.o
LOAD build/globals.o
LOAD build/hash.o
LOAD build/peb.o
LOAD build/profile.o
LOAD build/sleep.o
LOAD build/string.o
LOAD build/syscall_wrappers.o
LOAD build/syscalls.o
LOAD build/transform.o
LOAD build/evasion_antianalysis.o
LOAD build/evasion_etw.o
LOAD build/evasion_evasion_core.o
LOAD build/evasion_hooks.o
LOAD build/evasion_memguard.o
LOAD build/evasion_stackspoof.o
LOAD build/bus_beacon_shim.o
LOAD build/bus_bus_api.o
LOAD build/bus_clr.o
LOAD build/bus_guardian.o
LOAD build/bus_inline_asm.o
LOAD build/bus_lifecycle.o
LOAD build/bus_loader.o
LOAD build/comms_azure_deadrop.o
LOAD build/comms_dns.o
LOAD build/comms_smb.o
LOAD build/comms_websocket.o
LOAD build/syscall_stub.o
OUTPUT(build/specter.elf pei-x86-64)
LOAD dll stuff
