
Discarded input sections

 .rdata$.refptr.__pdata_end
                0x0000000000000000       0x10 build/unity_test.o
 .rdata$.refptr.__pdata_start
                0x0000000000000000       0x10 build/unity_test.o

Memory Configuration

Name             Origin             Length             Attributes
*default*        0x0000000000000000 0xffffffffffffffff

Linker script and memory map

                0x0000000000000000                __image_base__ = 0x0
                0x0000000000000000                __dll__ = 0x0
                0x0000000000000000                __ImageBase = 0x0
                0x0000000000001000                __section_alignment__ = 0x1000
                0x0000000000000200                __file_alignment__ = 0x200
                0x0000000000000004                __major_os_version__ = 0x4
                0x0000000000000000                __minor_os_version__ = 0x0
                0x0000000000000000                __major_image_version__ = 0x0
                0x0000000000000000                __minor_image_version__ = 0x0
                0x0000000000000005                __major_subsystem_version__ = 0x5
                0x0000000000000002                __minor_subsystem_version__ = 0x2
                0x0000000000000003                __subsystem__ = 0x3
                0x0000000000200000                __size_of_stack_reserve__ = 0x200000
                0x0000000000001000                __size_of_stack_commit__ = 0x1000
                0x0000000000100000                __size_of_heap_reserve__ = 0x100000
                0x0000000000001000                __size_of_heap_commit__ = 0x1000
                0x0000000000000000                __loader_flags__ = 0x0
                0x0000000000000160                __dll_characteristics__ = 0x160
                0x0000000000000000                . = 0x0

.xdata          0x0000000000000000      0x200
 .xdata$A       0x0000000000000000        0xc build/unity_test.o

.pdata          0x0000000000001000      0x200
 .pdata$A       0x0000000000001000        0xc build/unity_test.o

.text           0x0000000000001020    0x3e200
 *(SORT_BY_NAME(.text.entry))
 *(SORT_BY_NAME(.text$A))
 .text$A        0x0000000000001020      0x1f0 build/unity_test.o
                0x0000000000001020                implant_entry
 *(SORT_BY_NAME(.text$B))
 *(SORT_BY_NAME(.text) SORT_BY_NAME(.text.*))
 .text          0x0000000000001210    0x12b00 build/unity_test.o
                0x00000000000018f0                BeaconOutput
                0x0000000000001926                BeaconDataParse
                0x000000000000193b                BeaconDataInt
                0x0000000000001962                BeaconDataShort
                0x000000000000198a                BeaconDataLength
                0x0000000000001995                BeaconDataExtract
                0x00000000000019eb                BeaconFormatReset
                0x0000000000001a02                BeaconFormatToString
                0x0000000000001a27                BeaconUseToken
                0x0000000000001a3a                BeaconRevertToken
                0x0000000000001a4e                BeaconIsAdmin
                0x0000000000001a8d                SPECTER_MemAlloc
                0x0000000000001aa7                SPECTER_Resolve
                0x0000000000001ac7                SPECTER_NetConnect
                0x0000000000001ae7                SPECTER_ProcOpen
                0x0000000000001afc                SPECTER_FileRead
                0x000000000000202c                BeaconFormatFree
                0x0000000000002063                toWideChar
                0x00000000000023c4                BeaconPrintf
                0x000000000000245d                BeaconFormatPrintf
                0x00000000000024ed                spec_djb2_hash
                0x0000000000002511                spec_djb2_hash_w
                0x000000000000253b                spec_strlen
                0x0000000000002549                BeaconGetSpawnTo
                0x0000000000002575                spec_wcslen
                0x0000000000002584                spec_strcmp
                0x00000000000025a1                spec_wcsicmp
                0x00000000000025ed                spec_memcpy
                0x000000000000270f                BeaconFormatAppend
                0x0000000000002761                BeaconFormatInt
                0x0000000000002991                spec_memmove
                0x00000000000029cc                spec_memset
                0x0000000000002a0c                BeaconFormatAlloc
                0x0000000000002afa                spec_memcmp
                0x0000000000002e2c                spec_strcpy
                0x0000000000002e42                spec_strncpy
                0x0000000000002e76                spec_strcat
                0x0000000000002e9b                spec_strncat
                0x0000000000002eee                get_peb
                0x0000000000002ef8                find_module_by_hash
                0x0000000000002f53                find_export_by_hash
                0x00000000000034aa                resolve_function
                0x000000000000352e                spec_chacha20_block
                0x0000000000003785                spec_chacha20_encrypt
                0x0000000000003b1d                spec_poly1305_auth
                0x0000000000004020                spec_aead_encrypt
                0x00000000000041c8                spec_aead_decrypt
                0x00000000000043a1                spec_sha256_init
                0x00000000000043e4                spec_sha256_update
                0x0000000000004440                spec_sha256_final
                0x00000000000044fb                spec_sha256
                0x000000000000453b                spec_hmac_sha256
                0x000000000000467a                spec_hkdf_extract
                0x00000000000046d6                spec_hkdf_expand
                0x0000000000004878                spec_hkdf_derive
                0x00000000000048ce                fe_0
                0x00000000000048e4                fe_1
                0x00000000000048fe                fe_copy
                0x000000000000495c                fe_frombytes
                0x00000000000049e2                fe_tobytes
                0x0000000000004c44                fe_add
                0x0000000000004c81                fe_sub
                0x0000000000004cdb                fe_mul
                0x00000000000050d3                fe_sq
                0x0000000000005704                fe_invert
                0x000000000000597e                spec_x25519_scalarmult
                0x0000000000005d7d                spec_x25519_generate_keypair
                0x0000000000005de3                spec_decrypt_string
                0x0000000000005e0a                spec_sha512_init
                0x0000000000005e88                spec_sha512_update
                0x0000000000005f3d                spec_sha512_final
                0x000000000000603e                spec_sha512
                0x000000000000607e                spec_ed25519_verify
                0x0000000000006364                sc_get_table
                0x000000000000636c                sc_find_gadget
                0x00000000000063ea                sc_resolve_ssn
                0x0000000000006479                sc_get_entry
                0x00000000000064a7                sc_init
                0x000000000000668d                syscall_wrappers_init
                0x0000000000006695                lz4_compress
                0x000000000000694d                lz4_decompress
                0x0000000000006a96                transform_send
                0x0000000000006db9                transform_recv
                0x00000000000070b8                cfg_init
                0x0000000000007237                cfg_get
                0x0000000000007244                cfg_update
                0x00000000000073a2                cfg_encrypt
                0x0000000000007481                cfg_decrypt
                0x0000000000007527                cfg_check_killdate
                0x000000000000755f                profile_init
                0x00000000000078e9                profile_get_uri
                0x0000000000007969                profile_get_method
                0x000000000000798b                profile_build_headers
                0x00000000000079ab                profile_embed_data
                0x0000000000007ab1                profile_extract_data
                0x0000000000007c1d                sleep_calc_jitter
                0x0000000000007c78                sleep_calc_profile_jitter
                0x0000000000007e5d                sleep_track_alloc
                0x0000000000007ebb                sleep_untrack_alloc
                0x0000000000007ef7                sleep_encrypt_heap
                0x0000000000007f5c                sleep_decrypt_heap
                0x0000000000007f5e                sleep_wfs
                0x0000000000007f9c                sleep_init
                0x000000000000821e                comms_tcp_connect
                0x0000000000008358                comms_tcp_send
                0x00000000000083bb                comms_tcp_recv
                0x0000000000008407                comms_tcp_close
                0x0000000000008445                comms_tls_init
                0x00000000000084f5                comms_tls_handshake
                0x00000000000088a9                comms_tls_send
                0x0000000000008a2b                comms_tls_recv
                0x0000000000008bdc                comms_tls_close
                0x0000000000008d5c                comms_http_build_request
                0x0000000000009071                comms_http_parse_response
                0x00000000000095e2                comms_checkin
                0x0000000000009b60                comms_get_profile_ptr
                0x0000000000009b70                comms_set_profile
                0x0000000000009b8d                comms_rotate_channel
                0x0000000000009cda                comms_get_backoff_delay
                0x0000000000009cf1                comms_health_check
                0x0000000000009df1                comms_failover
                0x000000000000a0a1                comms_retry_failed
                0x000000000000a29a                comms_init
                0x000000000000a748                evasion_init_frames
                0x000000000000a94c                evasion_select_frames
                0x000000000000aa5c                evasion_build_spoofed_stack
                0x000000000000ab14                evasion_restore_stack
                0x000000000000ab5e                evasion_syscall
                0x000000000000ad98                spec_NtAllocateVirtualMemory
                0x000000000000addd                spec_NtProtectVirtualMemory
                0x000000000000aef7                spec_NtFreeVirtualMemory
                0x000000000000af28                spec_NtWriteVirtualMemory
                0x000000000000af63                spec_NtReadVirtualMemory
                0x000000000000af9e                spec_NtCreateThreadEx
                0x000000000000b02a                spec_NtOpenProcess
                0x000000000000b05b                spec_NtClose
                0x000000000000b073                spec_NtMapViewOfSection
                0x000000000000b0f2                spec_NtUnmapViewOfSection
                0x000000000000b10d                spec_NtOpenSection
                0x000000000000b139                spec_NtCreateFile
                0x000000000000b1c5                spec_NtQueryInformationProcess
                0x000000000000b200                spec_NtDelayExecution
                0x000000000000b21b                sleep_delay
                0x000000000000b30b                spec_NtWaitForSingleObject
                0x000000000000b337                spec_NtQueueApcThread
                0x000000000000b372                spec_NtSetInformationThread
                0x000000000000b3a3                spec_NtTestAlert
                0x000000000000b3b8                spec_NtCreateSection
                0x000000000000b410                spec_NtContinue
                0x000000000000b82b                evasion_compute_crc
                0x000000000000b872                evasion_init_crc_table
                0x000000000000b93e                evasion_refresh_ntdll
                0x000000000000bb27                evasion_check_hooks
                0x000000000000bbb2                evasion_check_etw_patches
                0x000000000000bbf5                evasion_patch_etw
                0x000000000000bc83                evasion_patch_amsi
                0x000000000000bd43                memguard_init
                0x000000000000be27                memguard_encrypt
                0x000000000000c02a                memguard_decrypt
                0x000000000000c1f1                memguard_setup_return_spoof
                0x000000000000c272                sleep_ekko
                0x000000000000c90f                sleep_foliage
                0x000000000000cef1                sleep_threadpool
                0x000000000000d209                sleep_cycle
                0x000000000000d330                antianalysis_check_vm
                0x000000000000d4da                antianalysis_check_sandbox
                0x000000000000d6c5                antianalysis_check_debugger
                0x000000000000d835                antianalysis_check
                0x000000000000d983                antianalysis_respond
                0x000000000000da1d                antianalysis_default_config
                0x000000000000da4c                evasion_module_overload
                0x000000000000dcd3                evasion_register_pdata
                0x000000000000dd7c                evasion_init
                0x000000000000de0d                evasion_ntcontinue_transfer
                0x000000000000df5b                output_reset
                0x000000000000df66                output_available
                0x000000000000df74                output_write
                0x000000000000e1c1                output_drain
                0x000000000000e1e9                bus_init
                0x000000000000e3c5                bus_get_api
                0x000000000000e3d9                loader_parse_header
                0x000000000000e41d                loader_verify_package
                0x000000000000e45a                loader_decrypt_package
                0x000000000000e5ce                loader_load_pic
                0x000000000000e670                loader_load_coff
                0x000000000000ed25                guardian_init
                0x000000000000edae                guardian_create
                0x000000000000eefb                guardian_wait
                0x000000000000efa0                guardian_kill
                0x000000000000f01f                guardian_shutdown
                0x000000000000f0a4                modmgr_init
                0x000000000000f10a                modmgr_execute
                0x000000000000f3c2                modmgr_cleanup
                0x000000000000f51d                modmgr_poll
                0x000000000000f663                modmgr_shutdown
                0x000000000000f6bf                beacon_shim_init
                0x000000000000f6c7                beacon_shim_get_table
                0x000000000000f6da                clr_execute_assembly
                0x000000000000fc52                exec_shellcode
                0x000000000000fd94                azure_build_blob_url
                0x000000000000fe59                azure_build_list_url
                0x000000000000ff32                azure_format_seq_blob
                0x000000000000ff4f                azure_parse_seq_from_name
                0x000000000000ffa9                azure_put_blob
                0x000000000001027b                azure_get_blob
                0x000000000001052c                azure_delete_blob
                0x0000000000010781                azure_list_blobs
                0x0000000000010aa6                azure_connect
                0x0000000000010c1a                azure_send
                0x0000000000010c9b                azure_recv
                0x0000000000010d45                azure_disconnect
                0x0000000000010d89                azure_health_check
                0x0000000000010dda                dns_base32_encode
                0x0000000000010f91                dns_base32_decode
                0x000000000001116e                dns_generate_txid
                0x00000000000111a0                dns_build_query
                0x00000000000112a1                dns_encode_subdomain
                0x0000000000011507                dns_parse_response
                0x00000000000116a3                dns_connect
                0x0000000000011b82                dns_send
                0x0000000000011c38                dns_recv
                0x0000000000011da5                dns_disconnect
                0x0000000000011e0c                dns_health_check
                0x0000000000011eec                smb_build_pipe_path
                0x0000000000011fe9                smb_build_message
                0x00000000000120dc                smb_parse_message
                0x0000000000012191                smb_connect
                0x00000000000123a5                smb_send
                0x0000000000012421                smb_recv
                0x000000000001253d                smb_disconnect
                0x0000000000012622                smb_health_check
                0x00000000000126af                smb_listen
                0x00000000000128a2                smb_accept
                0x00000000000129e3                smb_send_to_peer
                0x0000000000012b16                smb_recv_from_peer
                0x0000000000012cbf                smb_disconnect_peer
                0x0000000000012dbc                ws_sha1_init
                0x0000000000012dfa                ws_sha1_update
                0x0000000000012e49                ws_sha1_final
                0x0000000000012eed                ws_base64_encode
                0x0000000000013019                ws_base64_decode
                0x0000000000013100                ws_generate_key
                0x00000000000131ba                ws_apply_mask
                0x00000000000132ea                ws_build_frame
                0x000000000001331d                ws_parse_frame
                0x0000000000013405                ws_build_upgrade_request
                0x000000000001355d                ws_validate_upgrade_response
                0x0000000000013677                ws_connect
                0x0000000000013867                ws_send
                0x00000000000139cd                ws_recv
                0x0000000000013b87                ws_disconnect
                0x0000000000013c25                ws_health_check
 .text          0x0000000000013d10       0x80 build/syscall_stub.o
                0x0000000000013d10                spec_syscall
 *(SORT_BY_NAME(.rdata) SORT_BY_NAME(.rdata.*) SORT_BY_NAME(.text$C))
 *fill*         0x0000000000013d90       0x10 
 .rdata         0x0000000000013da0     0x10c0 build/unity_test.o
                0x0000000000014e60                . = ALIGN (0x10)
 *(SORT_BY_NAME(.data) SORT_BY_NAME(.data.*) SORT_BY_NAME(.text$D))
 .data          0x0000000000014e60      0x240 build/unity_test.o
 .data          0x00000000000150a0        0x0 build/syscall_stub.o
                0x00000000000150a0                . = ALIGN (0x10)
 *(SORT_BY_NAME(.bss) SORT_BY_NAME(.bss.*) SORT_BY_NAME(.text$E) SORT_BY_NAME(COMMON))
 .bss           0x00000000000150a0    0x28200 build/unity_test.o
 .bss           0x000000000003d2a0        0x0 build/syscall_stub.o
                0x000000000003d2a0                . = ALIGN (0x8)
                0x000000000003d2a0                __pdata_start = .
 *(SORT_BY_NAME(.pdata))
 .pdata         0x000000000003d2a0     0x1038 build/unity_test.o
                0x000000000003e2d8                __pdata_end = .
                0x000000000003e2d8                . = ALIGN (0x8)
                0x000000000003e2d8                __xdata_start = .
 *(SORT_BY_NAME(.xdata))
 .xdata         0x000000000003e2d8      0xf24 build/unity_test.o
                0x000000000003f1fc                __xdata_end = .

/DISCARD/
 *(SORT_BY_NAME(.rdata$.refptr.*))
 *(SORT_BY_NAME(.reloc))
 *(SORT_BY_NAME(.rsrc))
 *(SORT_BY_NAME(.debug*))
 *(SORT_BY_NAME(.comment))
 *(SORT_BY_NAME(.note*))
 *(SORT_BY_NAME(.eh_frame*))
 *(SORT_BY_NAME(.gcc_except_table*))
 *(SORT_BY_NAME(.ctors))
 *(SORT_BY_NAME(.dtors))
 *(SORT_BY_NAME(.CRT*))
 *(SORT_BY_NAME(.idata*))
 *(SORT_BY_NAME(.didat*))
 *(SORT_BY_NAME(.tls*))
LOAD build/unity_test.o
LOAD build/syscall_stub.o
OUTPUT(build/unity_test.elf pei-x86-64)
LOAD dll stuff
